// Jest Snapshot v1, https://goo.gl/fbAQLP

exports[`ChangeHistory test should render changeHistory correctly 1`] = `
<DocumentFragment>
  .c0 {
  margin-top: 3rem;
}

.c1 {
  padding: 0.625rem;
}

<div
    class="c0"
  >
    <div
      class="ant-table-wrapper css-dev-only-do-not-override-2i2tap"
    >
      <div
        class="ant-spin-nested-loading css-dev-only-do-not-override-2i2tap"
      >
        <div
          class="ant-spin-container"
        >
          <div
            class="ant-table"
          >
            <div
              class="ant-table-container"
            >
              <div
                class="ant-table-content"
              >
                <table
                  style="table-layout: fixed;"
                >
                  <colgroup />
                  <thead
                    class="ant-table-thead"
                  >
                    <tr>
                      <th
                        class="ant-table-cell"
                        scope="col"
                      >
                        Version
                      </th>
                      <th
                        class="ant-table-cell"
                        scope="col"
                      >
                        Deployment Stage
                      </th>
                      <th
                        class="ant-table-cell ant-table-cell-ellipsis"
                        scope="col"
                        title="Last Deploy Message"
                      >
                        Last Deploy Message
                      </th>
                      <th
                        class="ant-table-cell"
                        scope="col"
                      >
                        Last Deployed Time
                      </th>
                      <th
                        class="ant-table-cell"
                        scope="col"
                      >
                        Edited by
                      </th>
                    </tr>
                  </thead>
                  <tbody
                    class="ant-table-tbody"
                  >
                    <tr
                      class="ant-table-row ant-table-row-level-0"
                      data-row-key="8e196a3c-8737-46d2-8b62-264353b7b9aa"
                    >
                      <td
                        class="ant-table-cell"
                      >
                        24
                      </td>
                      <td
                        class="ant-table-cell"
                      >
                        <span
                          aria-label="check-circle"
                          class="anticon anticon-check-circle"
                          role="img"
                        >
                          <svg
                            aria-hidden="true"
                            data-icon="check-circle"
                            fill="currentColor"
                            focusable="false"
                            height="1em"
                            viewBox="64 64 896 896"
                            width="1em"
                          >
                            <path
                              d="M512 64C264.6 64 64 264.6 64 512s200.6 448 448 448 448-200.6 448-448S759.4 64 512 64zm193.5 301.7l-210.6 292a31.8 31.8 0 01-51.7 0L318.5 484.9c-3.8-5.3 0-12.7 6.5-12.7h46.9c10.2 0 19.9 4.9 25.9 13.3l71.2 98.8 157.2-218c6-8.3 15.6-13.3 25.9-13.3H699c6.5 0 10.3 7.4 6.5 12.7z"
                            />
                          </svg>
                        </span>
                        <span
                          class="c1"
                        >
                          Deployed
                        </span>
                      </td>
                      <td
                        class="ant-table-cell ant-table-cell-ellipsis"
                        title="Deployment was successful"
                      >
                        Deployment was successful
                      </td>
                      <td
                        class="ant-table-cell"
                      >
                        <span>
                          January 02, 2024 07:26 PM
                        </span>
                      </td>
                      <td
                        class="ant-table-cell"
                      >
                        Prashant üôé‚Äç‚ôÇÔ∏è
                      </td>
                    </tr>
                    <tr
                      class="ant-table-row ant-table-row-level-0"
                      data-row-key="0b934310-0aea-4806-94b9-7750e3c6935e"
                    >
                      <td
                        class="ant-table-cell"
                      >
                        23
                      </td>
                      <td
                        class="ant-table-cell"
                      >
                        <span
                          aria-label="check-circle"
                          class="anticon anticon-check-circle"
                          role="img"
                        >
                          <svg
                            aria-hidden="true"
                            data-icon="check-circle"
                            fill="currentColor"
                            focusable="false"
                            height="1em"
                            viewBox="64 64 896 896"
                            width="1em"
                          >
                            <path
                              d="M512 64C264.6 64 64 264.6 64 512s200.6 448 448 448 448-200.6 448-448S759.4 64 512 64zm193.5 301.7l-210.6 292a31.8 31.8 0 01-51.7 0L318.5 484.9c-3.8-5.3 0-12.7 6.5-12.7h46.9c10.2 0 19.9 4.9 25.9 13.3l71.2 98.8 157.2-218c6-8.3 15.6-13.3 25.9-13.3H699c6.5 0 10.3 7.4 6.5 12.7z"
                            />
                          </svg>
                        </span>
                        <span
                          class="c1"
                        >
                          Deployed
                        </span>
                      </td>
                      <td
                        class="ant-table-cell ant-table-cell-ellipsis"
                        title="Deployment was successful"
                      >
                        Deployment was successful
                      </td>
                      <td
                        class="ant-table-cell"
                      >
                        <span>
                          December 29, 2023 06:29 PM
                        </span>
                      </td>
                      <td
                        class="ant-table-cell"
                      >
                        Prashant üôé‚Äç‚ôÇÔ∏è
                      </td>
                    </tr>
                  </tbody>
                </table>
              </div>
            </div>
          </div>
          <ul
            class="ant-pagination ant-table-pagination ant-table-pagination-right css-dev-only-do-not-override-2i2tap"
          >
            <li
              aria-disabled="true"
              class="ant-pagination-prev ant-pagination-disabled"
              title="Previous Page"
            >
              <button
                class="ant-pagination-item-link"
                disabled=""
                tabindex="-1"
                type="button"
              >
                <span
                  aria-label="left"
                  class="anticon anticon-left"
                  role="img"
                >
                  <svg
                    aria-hidden="true"
                    data-icon="left"
                    fill="currentColor"
                    focusable="false"
                    height="1em"
                    viewBox="64 64 896 896"
                    width="1em"
                  >
                    <path
                      d="M724 218.3V141c0-6.7-7.7-10.4-12.9-6.3L260.3 486.8a31.86 31.86 0 000 50.3l450.8 352.1c5.3 4.1 12.9.4 12.9-6.3v-77.3c0-4.9-2.3-9.6-6.1-12.6l-360-281 360-281.1c3.8-3 6.1-7.7 6.1-12.6z"
                    />
                  </svg>
                </span>
              </button>
            </li>
            <li
              class="ant-pagination-item ant-pagination-item-1 ant-pagination-item-active"
              tabindex="0"
              title="1"
            >
              <a
                rel="nofollow"
              >
                1
              </a>
            </li>
            <li
              aria-disabled="true"
              class="ant-pagination-next ant-pagination-disabled"
              title="Next Page"
            >
              <button
                class="ant-pagination-item-link"
                disabled=""
                tabindex="-1"
                type="button"
              >
                <span
                  aria-label="right"
                  class="anticon anticon-right"
                  role="img"
                >
                  <svg
                    aria-hidden="true"
                    data-icon="right"
                    fill="currentColor"
                    focusable="false"
                    height="1em"
                    viewBox="64 64 896 896"
                    width="1em"
                  >
                    <path
                      d="M765.7 486.8L314.9 134.7A7.97 7.97 0 00302 141v77.3c0 4.9 2.3 9.6 6.1 12.6l360 281.1-360 281.1c-3.9 3-6.1 7.7-6.1 12.6V883c0 6.7 7.7 10.4 12.9 6.3l450.8-352.1a31.96 31.96 0 000-50.4z"
                    />
                  </svg>
                </span>
              </button>
            </li>
          </ul>
        </div>
      </div>
    </div>
  </div>
</DocumentFragment>
`;
